// Jest Snapshot v1, https://goo.gl/fbAQLP

exports[`<CarForm /> Enzyme Static HTML <CarForm /> renders 1`] = `"\\"<div><div class=\\\\\\"form-group\\\\\\"><label for=\\\\\\"make-input\\\\\\" class=\\\\\\"form-label col-form-label col-sm-1\\\\\\">Make:</label><div class=\\\\\\"col-sm-10\\\\\\"><input type=\\\\\\"text\\\\\\" name=\\\\\\"make\\\\\\" value id=\\\\\\"make-input\\\\\\" class=\\\\\\"form-control\\\\\\"></div></div><div class=\\\\\\"form-group\\\\\\"><label for=\\\\\\"model-input\\\\\\" class=\\\\\\"form-label col-form-label col-sm-1\\\\\\">Model:</label><div class=\\\\\\"col-sm-10\\\\\\"><input type=\\\\\\"text\\\\\\" name=\\\\\\"model\\\\\\" value id=\\\\\\"model-input\\\\\\" class=\\\\\\"form-control\\\\\\"></div></div><div class=\\\\\\"form-group\\\\\\"><label for=\\\\\\"year-input\\\\\\" class=\\\\\\"form-label col-form-label col-sm-1\\\\\\">Year:</label><div class=\\\\\\"col-sm-10\\\\\\"><input type=\\\\\\"number\\\\\\" name=\\\\\\"year\\\\\\" value=\\\\\\"1900\\\\\\" id=\\\\\\"year-input\\\\\\" class=\\\\\\"form-control\\\\\\"></div></div><div class=\\\\\\"form-group\\\\\\"><label for=\\\\\\"color-input\\\\\\" class=\\\\\\"form-label col-form-label col-sm-1\\\\\\">Color:</label><div class=\\\\\\"col-sm-10\\\\\\"><input type=\\\\\\"text\\\\\\" name=\\\\\\"color\\\\\\" value id=\\\\\\"color-input\\\\\\" class=\\\\\\"form-control\\\\\\"></div></div><div class=\\\\\\"mb-3 form-group\\\\\\"><label for=\\\\\\"price-input\\\\\\" class=\\\\\\"form-label col-form-label col-sm-1\\\\\\">Price:</label><div class=\\\\\\"col-sm-10\\\\\\"><input type=\\\\\\"number\\\\\\" name=\\\\\\"price\\\\\\" value=\\\\\\"0\\\\\\" id=\\\\\\"price-input\\\\\\" class=\\\\\\"form-control\\\\\\"></div></div><div class=\\\\\\"form-group\\\\\\"><div class=\\\\\\"col-sm-10\\\\\\"><button type=\\\\\\"button\\\\\\" class=\\\\\\"btn btn-success\\\\\\">Add Car</button></div></div></div>\\""`;
